Resolving dependencies...
Downloading packages...
  _fe_analyzer_shared 85.0.0 (92.0.0 available)
  analyzer 7.6.0 (9.0.0 available)
  analyzer_buffer 0.1.10 (0.1.12 available)
  analyzer_plugin 0.13.4 (0.13.11 available)
  build 3.1.0 (4.0.3 available)
  build_resolvers 3.0.3 (3.0.4 available)
  build_runner 2.7.1 (2.10.4 available)
  build_runner_core 9.3.1 (9.3.2 available)
  characters 1.4.0 (1.4.1 available)
  custom_lint_core 0.8.0 (0.8.1 available)
  custom_lint_visitor 1.0.0+7.7.0 (1.0.0+8.4.0 available)
  dart_style 3.1.1 (3.1.3 available)
  flutter_lints 5.0.0 (6.0.0 available)
  lints 5.1.1 (6.0.0 available)
  matcher 0.12.17 (0.12.18 available)
  material_color_utilities 0.11.1 (0.13.0 available)
  meta 1.16.0 (1.17.0 available)
  mockito 5.5.0 (5.6.1 available)
  riverpod_analyzer_utils 1.0.0-dev.7 (1.0.0-dev.8 available)
  source_gen 3.1.0 (4.1.1 available)
  test 1.26.2 (1.28.0 available)
  test_api 0.7.6 (0.7.8 available)
  test_core 0.6.11 (0.6.14 available)
Got dependencies!
23 packages have newer versions incompatible with dependency constraints.
Try `flutter pub outdated` for more information.
Analyzing doNow...                                              

  error - The function 'ChangeNotifierProvider' isn't defined - lib\data\providers.dart:12:32 - undefined_function
warning - Unused import: '../models/task.dart' - lib\data\services\ai_service.dart:3:8 - unused_import
   info - Don't invoke 'print' in production code - lib\data\services\zhipu_ai_service.dart:91:7 - avoid_print
   info - 'withOpacity' is deprecated and shouldn't be used. Use .withValues() to avoid precision loss - lib\ui\screens\ai_magic_loading_screen.dart:97:41 - deprecated_member_use
   info - 'withOpacity' is deprecated and shouldn't be used. Use .withValues() to avoid precision loss - lib\ui\screens\ai_magic_loading_screen.dart:100:43 - deprecated_member_use
  error - Undefined name '_onCreatePressed' - lib\ui\screens\create_task_modal.dart:57:30 - undefined_identifier
  error - Too many positional arguments: 0 expected, but 1 found - lib\ui\screens\create_task_modal.dart:147:5 - extra_positional_arguments_could_be_named
  error - Undefined name 'title' - lib\ui\screens\create_task_modal.dart:150:19 - undefined_identifier
  error - Expected to find ')' - lib\ui\screens\create_task_modal.dart:155:6 - expected_token
  error - Expected to find ']' - lib\ui\screens\create_task_modal.dart:155:6 - expected_token
   info - Don't put any logic in 'createState' - lib\ui\screens\home_screen.dart:15:46 - no_logic_in_create_state
  error - The method '_HomeScreenState' isn't defined for the type 'HomeScreen' - lib\ui\screens\home_screen.dart:15:46 - undefined_method
   info - An uninitialized variable should have an explicit type annotation - lib\ui\screens\home_screen.dart:18:11 - prefer_typing_uninitialized_variables
  error - Expected to find ';' - lib\ui\screens\home_screen.dart:18:11 - expected_token
  error - Variables must be declared using the keywords 'const', 'final', 'var' or a type name - lib\ui\screens\home_screen.dart:18:11 - missing_const_final_var_or_type
  error - Expected a method, getter, setter or operator declaration - lib\ui\screens\home_screen.dart:18:19 - expected_executable
  error - Expected a method, getter, setter or operator declaration - lib\ui\screens\home_screen.dart:18:21 - expected_executable
   info - The variable name 'Padding' isn't a lowerCamelCase identifier - lib\ui\screens\home_screen.dart:20:13 - non_constant_identifier_names
  error - Named parameters must be enclosed in curly braces ('{' and '}') - lib\ui\screens\home_screen.dart:21:22 - named_parameter_outside_group
  error - Using a colon as the separator before a default value is no longer supported - lib\ui\screens\home_screen.dart:21:22 - obsolete_colon_for_default_value
  error - Named parameters must be enclosed in curly braces ('{' and '}') - lib\ui\screens\home_screen.dart:22:20 - named_parameter_outside_group
  error - Using a colon as the separator before a default value is no longer supported - lib\ui\screens\home_screen.dart:22:20 - obsolete_colon_for_default_value
  error - The default value of an optional parameter must be constant - lib\ui\screens\home_screen.dart:22:22 - non_constant_default_value
  error - Undefined name '_slogan' - lib\ui\screens\home_screen.dart:38:26 - undefined_identifier
  error - Undefined name 'context' - lib\ui\screens\home_screen.dart:49:61 - undefined_identifier
  error - A function body must be provided - lib\ui\screens\home_screen.dart:54:14 - missing_function_body
  error - Expected a method, getter, setter or operator declaration - lib\ui\screens\home_screen.dart:54:14 - expected_executable
   info - The variable name 'Expanded' isn't a lowerCamelCase identifier - lib\ui\screens\home_screen.dart:57:13 - non_constant_identifier_names
  error - Named parameters must be enclosed in curly braces ('{' and '}') - lib\ui\screens\home_screen.dart:58:20 - named_parameter_outside_group
  error - Using a colon as the separator before a default value is no longer supported - lib\ui\screens\home_screen.dart:58:20 - obsolete_colon_for_default_value
  error - The default value of an optional parameter must be constant - lib\ui\screens\home_screen.dart:58:22 - non_constant_default_value
  error - Undefined name 'tasks' - lib\ui\screens\home_screen.dart:58:22 - undefined_identifier
  error - Undefined name 'tasks' - lib\ui\screens\home_screen.dart:62:34 - undefined_identifier
  error - Undefined name 'tasks' - lib\ui\screens\home_screen.dart:64:38 - undefined_identifier
  error - A function body must be provided - lib\ui\screens\home_screen.dart:68:14 - missing_function_body
  error - Expected a method, getter, setter or operator declaration - lib\ui\screens\home_screen.dart:68:14 - expected_executable
  error - Expected a method, getter, setter or operator declaration - lib\ui\screens\home_screen.dart:69:11 - expected_executable
  error - Expected a method, getter, setter or operator declaration - lib\ui\screens\home_screen.dart:69:12 - expected_executable
  error - Expected a method, getter, setter or operator declaration - lib\ui\screens\home_screen.dart:70:9 - expected_executable
  error - Expected a method, getter, setter or operator declaration - lib\ui\screens\home_screen.dart:70:10 - expected_executable
  error - Expected a method, getter, setter or operator declaration - lib\ui\screens\home_screen.dart:71:7 - expected_executable
  error - Expected a method, getter, setter or operator declaration - lib\ui\screens\home_screen.dart:71:8 - expected_executable
  error - Expected a method, getter, setter or operator declaration - lib\ui\screens\home_screen.dart:73:5 - expected_executable
  error - Unexpected text ';' - lib\ui\screens\home_screen.dart:73:6 - unexpected_token
  error - Expected a method, getter, setter or operator declaration - lib\ui\screens\home_screen.dart:74:3 - expected_executable
  error - Undefined name 'context' - lib\ui\screens\home_screen.dart:79:43 - undefined_identifier
  error - Expected a method, getter, setter or operator declaration - lib\ui\screens\home_screen.dart:103:1 - expected_executable
   info - 'withOpacity' is deprecated and shouldn't be used. Use .withValues() to avoid precision loss - lib\ui\screens\home_screen.dart:167:37 - deprecated_member_use
warning - Unused import: '../../data/models/subtask.dart' - lib\ui\screens\task_detail_screen.dart:4:8 - unused_import
warning - The value of the field '_isFinished' isn't used - lib\ui\screens\task_detail_screen.dart:18:8 - unused_field
   info - Don't use 'BuildContext's across async gaps - lib\ui\screens\task_detail_screen.dart:123:20 - use_build_context_synchronously
   info - 'withOpacity' is deprecated and shouldn't be used. Use .withValues() to avoid precision loss - lib\ui\screens\task_detail_screen.dart:311:37 - deprecated_member_use
   info - 'withOpacity' is deprecated and shouldn't be used. Use .withValues() to avoid precision loss - lib\ui\screens\task_detail_screen.dart:337:41 - deprecated_member_use
  error - The name 'MyApp' isn't a class - test\widget_test.dart:16:35 - creation_with_non_type

